// Jest Snapshot v1, https://goo.gl/fbAQLP

exports[`process bad directive 1`] = `"encountered unknown directive bad"`;
